lane=tokio_spawn-burst1 boundary=before_publish_to_return n=100000 median_ns=814 p99_ns=1160 p999_ns=2530 max_ns=125184 producer_allocations=100000 inflight_high_water=1 overflow_retries=0 drops=0
lane=tokio_spawn-burst1 boundary=before_publish_to_consume n=100000 median_ns=652 p99_ns=1333 p999_ns=7433 max_ns=335859 producer_allocations=100000 inflight_high_water=1 overflow_retries=0 drops=0
lane=tokio_spawn-burst6 boundary=before_publish_to_return n=100000 median_ns=780 p99_ns=1610 p999_ns=2913 max_ns=16076 producer_allocations=100000 inflight_high_water=6 overflow_retries=0 drops=0
lane=tokio_spawn-burst6 boundary=before_publish_to_consume n=100000 median_ns=733 p99_ns=2150 p999_ns=13330 max_ns=651288 producer_allocations=100000 inflight_high_water=6 overflow_retries=0 drops=0
lane=root_owner-burst1 boundary=before_publish_to_return n=100000 median_ns=153 p99_ns=236 p999_ns=1966 max_ns=5908 producer_allocations=0 inflight_high_water=1 overflow_retries=0 drops=0
lane=root_owner-burst1 boundary=before_publish_to_consume n=100000 median_ns=649 p99_ns=928 p999_ns=3279 max_ns=105202 producer_allocations=0 inflight_high_water=1 overflow_retries=0 drops=0
lane=root_owner-burst6 boundary=before_publish_to_return n=100000 median_ns=130 p99_ns=718 p999_ns=995 max_ns=7818 producer_allocations=0 inflight_high_water=6 overflow_retries=0 drops=0
lane=root_owner-burst6 boundary=before_publish_to_consume n=100000 median_ns=658 p99_ns=1113 p999_ns=3194 max_ns=190458 producer_allocations=0 inflight_high_water=6 overflow_retries=0 drops=0
lane=root_owner-burst1 boundary=before_publish_to_return n=100000 median_ns=146 p99_ns=204 p999_ns=1990 max_ns=71794 producer_allocations=0 inflight_high_water=1 overflow_retries=0 drops=0
lane=root_owner-burst1 boundary=before_publish_to_consume n=100000 median_ns=643 p99_ns=929 p999_ns=3663 max_ns=2182653 producer_allocations=0 inflight_high_water=1 overflow_retries=0 drops=0
lane=root_owner-burst6 boundary=before_publish_to_return n=100000 median_ns=144 p99_ns=672 p999_ns=1887 max_ns=13981 producer_allocations=0 inflight_high_water=6 overflow_retries=0 drops=0
lane=root_owner-burst6 boundary=before_publish_to_consume n=100000 median_ns=650 p99_ns=1164 p999_ns=6143 max_ns=488499 producer_allocations=0 inflight_high_water=6 overflow_retries=0 drops=0
lane=tokio_spawn-burst1 boundary=before_publish_to_return n=100000 median_ns=793 p99_ns=1227 p999_ns=2915 max_ns=36229 producer_allocations=100000 inflight_high_water=1 overflow_retries=0 drops=0
lane=tokio_spawn-burst1 boundary=before_publish_to_consume n=100000 median_ns=590 p99_ns=1307 p999_ns=6712 max_ns=404340 producer_allocations=100000 inflight_high_water=1 overflow_retries=0 drops=0
lane=tokio_spawn-burst6 boundary=before_publish_to_return n=100000 median_ns=843 p99_ns=1727 p999_ns=5416 max_ns=59758 producer_allocations=100000 inflight_high_water=6 overflow_retries=0 drops=0
lane=tokio_spawn-burst6 boundary=before_publish_to_consume n=100000 median_ns=745 p99_ns=3710 p999_ns=34821 max_ns=218160 producer_allocations=100000 inflight_high_water=6 overflow_retries=0 drops=0
lane=crossbeam_select_idle boundary=before_publish_to_return n=20000 median_ns=1897 p99_ns=2220 p999_ns=7012 max_ns=17062 producer_allocations=0 inflight_high_water=1 overflow_retries=0 drops=0
lane=crossbeam_select_idle boundary=before_publish_to_consume n=20000 median_ns=2866 p99_ns=22493 p999_ns=255723 max_ns=1736111 producer_allocations=0 inflight_high_water=1 overflow_retries=0 drops=0
lane=futex_idle boundary=before_publish_to_return n=20000 median_ns=1716 p99_ns=2027 p999_ns=5344 max_ns=9197 producer_allocations=0 inflight_high_water=1 overflow_retries=0 drops=0
lane=futex_idle boundary=before_publish_to_consume n=20000 median_ns=2657 p99_ns=27135 p999_ns=102931 max_ns=405486 producer_allocations=0 inflight_high_water=1 overflow_retries=0 drops=0
lane=futex_idle boundary=before_publish_to_return n=20000 median_ns=1705 p99_ns=1829 p999_ns=5682 max_ns=30794 producer_allocations=0 inflight_high_water=1 overflow_retries=0 drops=0
lane=futex_idle boundary=before_publish_to_consume n=20000 median_ns=2664 p99_ns=51209 p999_ns=184289 max_ns=2409522 producer_allocations=0 inflight_high_water=1 overflow_retries=0 drops=0
lane=crossbeam_select_idle boundary=before_publish_to_return n=20000 median_ns=1874 p99_ns=2184 p999_ns=6467 max_ns=10782 producer_allocations=0 inflight_high_water=1 overflow_retries=0 drops=0
lane=crossbeam_select_idle boundary=before_publish_to_consume n=20000 median_ns=2817 p99_ns=18135 p999_ns=102002 max_ns=392956 producer_allocations=0 inflight_high_water=1 overflow_retries=0 drops=0
