lane=tokio_spawn-burst1 boundary=before_publish_to_return n=100000 median_ns=834 p99_ns=1180 p999_ns=4730 max_ns=117214 producer_allocations=100000 inflight_high_water=1 overflow_retries=0 drops=0
lane=tokio_spawn-burst1 boundary=before_publish_to_consume n=100000 median_ns=655 p99_ns=1142 p999_ns=7424 max_ns=90398 producer_allocations=100000 inflight_high_water=1 overflow_retries=0 drops=0
lane=tokio_spawn-burst6 boundary=before_publish_to_return n=100000 median_ns=811 p99_ns=1571 p999_ns=4443 max_ns=72257 producer_allocations=100000 inflight_high_water=6 overflow_retries=0 drops=0
lane=tokio_spawn-burst6 boundary=before_publish_to_consume n=100000 median_ns=747 p99_ns=2318 p999_ns=39976 max_ns=90611 producer_allocations=100000 inflight_high_water=6 overflow_retries=0 drops=0
lane=root_owner-burst1 boundary=before_publish_to_return n=100000 median_ns=145 p99_ns=244 p999_ns=1976 max_ns=31365 producer_allocations=0 inflight_high_water=1 overflow_retries=0 drops=0
lane=root_owner-burst1 boundary=before_publish_to_consume n=100000 median_ns=648 p99_ns=932 p999_ns=3602 max_ns=88755 producer_allocations=0 inflight_high_water=1 overflow_retries=0 drops=0
lane=root_owner-burst6 boundary=before_publish_to_return n=100000 median_ns=140 p99_ns=752 p999_ns=1974 max_ns=9832 producer_allocations=0 inflight_high_water=6 overflow_retries=0 drops=0
lane=root_owner-burst6 boundary=before_publish_to_consume n=100000 median_ns=655 p99_ns=1189 p999_ns=17172 max_ns=263553 producer_allocations=0 inflight_high_water=6 overflow_retries=0 drops=0
lane=root_owner-burst1 boundary=before_publish_to_return n=100000 median_ns=150 p99_ns=218 p999_ns=2046 max_ns=30966 producer_allocations=0 inflight_high_water=1 overflow_retries=0 drops=0
lane=root_owner-burst1 boundary=before_publish_to_consume n=100000 median_ns=634 p99_ns=931 p999_ns=6962 max_ns=111770 producer_allocations=0 inflight_high_water=1 overflow_retries=0 drops=0
lane=root_owner-burst6 boundary=before_publish_to_return n=100000 median_ns=145 p99_ns=744 p999_ns=2052 max_ns=33747 producer_allocations=0 inflight_high_water=6 overflow_retries=0 drops=0
lane=root_owner-burst6 boundary=before_publish_to_consume n=100000 median_ns=636 p99_ns=1206 p999_ns=12396 max_ns=65479 producer_allocations=0 inflight_high_water=6 overflow_retries=0 drops=0
lane=tokio_spawn-burst1 boundary=before_publish_to_return n=100000 median_ns=811 p99_ns=1301 p999_ns=3509 max_ns=10502 producer_allocations=100000 inflight_high_water=1 overflow_retries=0 drops=0
lane=tokio_spawn-burst1 boundary=before_publish_to_consume n=100000 median_ns=619 p99_ns=1339 p999_ns=5591 max_ns=168923 producer_allocations=100000 inflight_high_water=1 overflow_retries=0 drops=0
lane=tokio_spawn-burst6 boundary=before_publish_to_return n=100000 median_ns=855 p99_ns=1802 p999_ns=4815 max_ns=353850 producer_allocations=100000 inflight_high_water=6 overflow_retries=0 drops=0
lane=tokio_spawn-burst6 boundary=before_publish_to_consume n=100000 median_ns=732 p99_ns=3331 p999_ns=38976 max_ns=571834 producer_allocations=100000 inflight_high_water=6 overflow_retries=0 drops=0
lane=crossbeam_select_idle boundary=before_publish_to_return n=20000 median_ns=1915 p99_ns=2235 p999_ns=4427 max_ns=8689 producer_allocations=0 inflight_high_water=1 overflow_retries=0 drops=0
lane=crossbeam_select_idle boundary=before_publish_to_consume n=20000 median_ns=2803 p99_ns=4839 p999_ns=64192 max_ns=3276966 producer_allocations=0 inflight_high_water=1 overflow_retries=0 drops=0
lane=futex_idle boundary=before_publish_to_return n=20000 median_ns=1704 p99_ns=1838 p999_ns=5330 max_ns=7774 producer_allocations=0 inflight_high_water=1 overflow_retries=0 drops=0
lane=futex_idle boundary=before_publish_to_consume n=20000 median_ns=2567 p99_ns=8999 p999_ns=75965 max_ns=322496 producer_allocations=0 inflight_high_water=1 overflow_retries=0 drops=0
lane=futex_idle boundary=before_publish_to_return n=20000 median_ns=1685 p99_ns=1813 p999_ns=5271 max_ns=12793 producer_allocations=0 inflight_high_water=1 overflow_retries=0 drops=0
lane=futex_idle boundary=before_publish_to_consume n=20000 median_ns=2533 p99_ns=25565 p999_ns=213706 max_ns=976022 producer_allocations=0 inflight_high_water=1 overflow_retries=0 drops=0
lane=crossbeam_select_idle boundary=before_publish_to_return n=20000 median_ns=1845 p99_ns=2191 p999_ns=6836 max_ns=12723 producer_allocations=0 inflight_high_water=1 overflow_retries=0 drops=0
lane=crossbeam_select_idle boundary=before_publish_to_consume n=20000 median_ns=2757 p99_ns=77900 p999_ns=611271 max_ns=1918671 producer_allocations=0 inflight_high_water=1 overflow_retries=0 drops=0
